Archive member included to satisfy reference by file (symbol)

c:/program files (x86)/avr-gcc-12.0.1/bin/../lib/gcc/avr/12.1.0/avr6\libgcc.a(_exit.o)
                              c:/program files (x86)/avr-gcc-12.0.1/bin/../lib/gcc/avr/12.1.0/../../../../avr/lib/avr6/crtatmega2560.o (exit)
c:/program files (x86)/avr-gcc-12.0.1/bin/../lib/gcc/avr/12.1.0/avr6\libgcc.a(_copy_data.o)
                              obj\Debug\Display1.o (__do_copy_data)
c:/program files (x86)/avr-gcc-12.0.1/bin/../lib/gcc/avr/12.1.0/avr6\libgcc.a(_clear_bss.o)
                              obj\Debug\clock.o (__do_clear_bss)
c:/program files (x86)/avr-gcc-12.0.1/bin/../lib/gcc/avr/12.1.0/avr6\libgcc.a(_umulhisi3.o)
                              obj\Debug\Display1.o (__umulhisi3)
c:/program files (x86)/avr-gcc-12.0.1/bin/../lib/gcc/avr/12.1.0/../../../../avr/lib/avr6\libm.a(addsf3.o)
                              obj\Debug\clock.o (__addsf3)
c:/program files (x86)/avr-gcc-12.0.1/bin/../lib/gcc/avr/12.1.0/../../../../avr/lib/avr6\libm.a(addsf3x.o)
                              c:/program files (x86)/avr-gcc-12.0.1/bin/../lib/gcc/avr/12.1.0/../../../../avr/lib/avr6\libm.a(addsf3.o) (__addsf3x)
c:/program files (x86)/avr-gcc-12.0.1/bin/../lib/gcc/avr/12.1.0/../../../../avr/lib/avr6\libm.a(cmpsf2.o)
                              obj\Debug\Navigatie.o (__ltsf2)
c:/program files (x86)/avr-gcc-12.0.1/bin/../lib/gcc/avr/12.1.0/../../../../avr/lib/avr6\libm.a(divsf3.o)
                              obj\Debug\StepperMotor.o (__divsf3)
c:/program files (x86)/avr-gcc-12.0.1/bin/../lib/gcc/avr/12.1.0/../../../../avr/lib/avr6\libm.a(divsf3x.o)
                              c:/program files (x86)/avr-gcc-12.0.1/bin/../lib/gcc/avr/12.1.0/../../../../avr/lib/avr6\libm.a(divsf3.o) (__divsf3x)
c:/program files (x86)/avr-gcc-12.0.1/bin/../lib/gcc/avr/12.1.0/../../../../avr/lib/avr6\libm.a(fixsfsi.o)
                              obj\Debug\main.o (__fixsfsi)
c:/program files (x86)/avr-gcc-12.0.1/bin/../lib/gcc/avr/12.1.0/../../../../avr/lib/avr6\libm.a(fixunssfsi.o)
                              obj\Debug\StepperMotor.o (__fixunssfsi)
c:/program files (x86)/avr-gcc-12.0.1/bin/../lib/gcc/avr/12.1.0/../../../../avr/lib/avr6\libm.a(floatsisf.o)
                              obj\Debug\Ultrasoon.o (__floatunsisf)
c:/program files (x86)/avr-gcc-12.0.1/bin/../lib/gcc/avr/12.1.0/../../../../avr/lib/avr6\libm.a(fp_cmp.o)
                              c:/program files (x86)/avr-gcc-12.0.1/bin/../lib/gcc/avr/12.1.0/../../../../avr/lib/avr6\libm.a(cmpsf2.o) (__fp_cmp)
c:/program files (x86)/avr-gcc-12.0.1/bin/../lib/gcc/avr/12.1.0/../../../../avr/lib/avr6\libm.a(fp_inf.o)
                              c:/program files (x86)/avr-gcc-12.0.1/bin/../lib/gcc/avr/12.1.0/../../../../avr/lib/avr6\libm.a(addsf3x.o) (__fp_inf)
c:/program files (x86)/avr-gcc-12.0.1/bin/../lib/gcc/avr/12.1.0/../../../../avr/lib/avr6\libm.a(fp_nan.o)
                              c:/program files (x86)/avr-gcc-12.0.1/bin/../lib/gcc/avr/12.1.0/../../../../avr/lib/avr6\libm.a(addsf3x.o) (__fp_nan)
c:/program files (x86)/avr-gcc-12.0.1/bin/../lib/gcc/avr/12.1.0/../../../../avr/lib/avr6\libm.a(fp_pscA.o)
                              c:/program files (x86)/avr-gcc-12.0.1/bin/../lib/gcc/avr/12.1.0/../../../../avr/lib/avr6\libm.a(addsf3x.o) (__fp_pscA)
c:/program files (x86)/avr-gcc-12.0.1/bin/../lib/gcc/avr/12.1.0/../../../../avr/lib/avr6\libm.a(fp_pscB.o)
                              c:/program files (x86)/avr-gcc-12.0.1/bin/../lib/gcc/avr/12.1.0/../../../../avr/lib/avr6\libm.a(addsf3x.o) (__fp_pscB)
c:/program files (x86)/avr-gcc-12.0.1/bin/../lib/gcc/avr/12.1.0/../../../../avr/lib/avr6\libm.a(fp_round.o)
                              c:/program files (x86)/avr-gcc-12.0.1/bin/../lib/gcc/avr/12.1.0/../../../../avr/lib/avr6\libm.a(addsf3.o) (__fp_round)
c:/program files (x86)/avr-gcc-12.0.1/bin/../lib/gcc/avr/12.1.0/../../../../avr/lib/avr6\libm.a(fp_split3.o)
                              c:/program files (x86)/avr-gcc-12.0.1/bin/../lib/gcc/avr/12.1.0/../../../../avr/lib/avr6\libm.a(addsf3x.o) (__fp_split3)
c:/program files (x86)/avr-gcc-12.0.1/bin/../lib/gcc/avr/12.1.0/../../../../avr/lib/avr6\libm.a(fp_zero.o)
                              c:/program files (x86)/avr-gcc-12.0.1/bin/../lib/gcc/avr/12.1.0/../../../../avr/lib/avr6\libm.a(addsf3x.o) (__fp_zero)
c:/program files (x86)/avr-gcc-12.0.1/bin/../lib/gcc/avr/12.1.0/../../../../avr/lib/avr6\libm.a(gesf2.o)
                              obj\Debug\main.o (__gtsf2)
c:/program files (x86)/avr-gcc-12.0.1/bin/../lib/gcc/avr/12.1.0/../../../../avr/lib/avr6\libm.a(mulsf3.o)
                              obj\Debug\StepperMotor.o (__mulsf3)
c:/program files (x86)/avr-gcc-12.0.1/bin/../lib/gcc/avr/12.1.0/../../../../avr/lib/avr6\libm.a(mulsf3x.o)
                              c:/program files (x86)/avr-gcc-12.0.1/bin/../lib/gcc/avr/12.1.0/../../../../avr/lib/avr6\libm.a(mulsf3.o) (__mulsf3x)

Memory Configuration

Name             Origin             Length             Attributes
text             0x0000000000000000 0x0000000000100000 xr
data             0x0000000000800200 0x000000000000fe00 rw !x
eeprom           0x0000000000810000 0x0000000000010000 rw !x
fuse             0x0000000000820000 0x0000000000000003 rw !x
lock             0x0000000000830000 0x0000000000000400 rw !x
signature        0x0000000000840000 0x0000000000000400 rw !x
user_signatures  0x0000000000850000 0x0000000000000400 rw !x
*default*        0x0000000000000000 0xffffffffffffffff

Linker script and memory map

Address of section .data set to 0x800200
LOAD c:/program files (x86)/avr-gcc-12.0.1/bin/../lib/gcc/avr/12.1.0/../../../../avr/lib/avr6/crtatmega2560.o
LOAD obj\Debug\clock.o
LOAD obj\Debug\Display1.o
LOAD obj\Debug\fuse.o
LOAD obj\Debug\IRSensor.o
LOAD obj\Debug\Knoppen.o
LOAD obj\Debug\main.o
LOAD obj\Debug\Navigatie.o
LOAD obj\Debug\noodstop.o
LOAD obj\Debug\StepperMotor.o
LOAD obj\Debug\Ultrasoon.o
START GROUP
LOAD c:/program files (x86)/avr-gcc-12.0.1/bin/../lib/gcc/avr/12.1.0/avr6\libgcc.a
LOAD c:/program files (x86)/avr-gcc-12.0.1/bin/../lib/gcc/avr/12.1.0/../../../../avr/lib/avr6\libm.a
LOAD c:/program files (x86)/avr-gcc-12.0.1/bin/../lib/gcc/avr/12.1.0/../../../../avr/lib/avr6\libc.a
LOAD c:/program files (x86)/avr-gcc-12.0.1/bin/../lib/gcc/avr/12.1.0/../../../../avr/lib/avr6\libatmega2560.a
END GROUP
                0x0000000000100000                __TEXT_REGION_LENGTH__ = DEFINED (__TEXT_REGION_LENGTH__)?__TEXT_REGION_LENGTH__:0x100000
                0x000000000000fe00                __DATA_REGION_LENGTH__ = DEFINED (__DATA_REGION_LENGTH__)?__DATA_REGION_LENGTH__:0xfe00
                0x0000000000010000                __EEPROM_REGION_LENGTH__ = DEFINED (__EEPROM_REGION_LENGTH__)?__EEPROM_REGION_LENGTH__:0x10000
                [0x0000000000000003]                __FUSE_REGION_LENGTH__ = DEFINED (__FUSE_REGION_LENGTH__)?__FUSE_REGION_LENGTH__:0x400
                0x0000000000000400                __LOCK_REGION_LENGTH__ = DEFINED (__LOCK_REGION_LENGTH__)?__LOCK_REGION_LENGTH__:0x400
                0x0000000000000400                __SIGNATURE_REGION_LENGTH__ = DEFINED (__SIGNATURE_REGION_LENGTH__)?__SIGNATURE_REGION_LENGTH__:0x400
                0x0000000000000400                __USER_SIGNATURE_REGION_LENGTH__ = DEFINED (__USER_SIGNATURE_REGION_LENGTH__)?__USER_SIGNATURE_REGION_LENGTH__:0x400

.hash
 *(.hash)

.dynsym
 *(.dynsym)

.dynstr
 *(.dynstr)

.gnu.version
 *(.gnu.version)

.gnu.version_d
 *(.gnu.version_d)

.gnu.version_r
 *(.gnu.version_r)

.rel.init
 *(.rel.init)

.rela.init
 *(.rela.init)

.rel.text
 *(.rel.text)
 *(.rel.text.*)
 *(.rel.gnu.linkonce.t*)

.rela.text
 *(.rela.text)
 *(.rela.text.*)
 *(.rela.gnu.linkonce.t*)

.rel.fini
 *(.rel.fini)

.rela.fini
 *(.rela.fini)

.rel.rodata
 *(.rel.rodata)
 *(.rel.rodata.*)
 *(.rel.gnu.linkonce.r*)

.rela.rodata
 *(.rela.rodata)
 *(.rela.rodata.*)
 *(.rela.gnu.linkonce.r*)

.rel.data
 *(.rel.data)
 *(.rel.data.*)
 *(.rel.gnu.linkonce.d*)

.rela.data
 *(.rela.data)
 *(.rela.data.*)
 *(.rela.gnu.linkonce.d*)

.rel.ctors
 *(.rel.ctors)

.rela.ctors
 *(.rela.ctors)

.rel.dtors
 *(.rel.dtors)

.rela.dtors
 *(.rela.dtors)

.rel.got
 *(.rel.got)

.rela.got
 *(.rela.got)

.rel.bss
 *(.rel.bss)

.rela.bss
 *(.rela.bss)

.rel.plt
 *(.rel.plt)

.rela.plt
 *(.rela.plt)

.text           0x0000000000000000     0x14c2
 *(.vectors)
 .vectors       0x0000000000000000       0xe4 c:/program files (x86)/avr-gcc-12.0.1/bin/../lib/gcc/avr/12.1.0/../../../../avr/lib/avr6/crtatmega2560.o
                0x0000000000000000                __vector_default
                0x0000000000000000                __vectors
 *(.vectors)
 *(.progmem.gcc*)
                0x00000000000000e4                . = ALIGN (0x2)
                0x00000000000000e4                __trampolines_start = .
 *(.trampolines)
 .trampolines   0x00000000000000e4        0x0 linker stubs
 *(.trampolines*)
                0x00000000000000e4                __trampolines_end = .
 *libprintf_flt.a:*(.progmem.data)
 *libc.a:*(.progmem.data)
 *(.progmem.*)
                0x00000000000000e4                . = ALIGN (0x2)
 *(.lowtext)
 *(.lowtext*)
                0x00000000000000e4                __ctors_start = .
 *(.ctors)
                0x00000000000000e4                __ctors_end = .
                0x00000000000000e4                __dtors_start = .
 *(.dtors)
                0x00000000000000e4                __dtors_end = .
 SORT_BY_NAME(*)(.ctors)
 SORT_BY_NAME(*)(.dtors)
 *(.init0)
 .init0         0x00000000000000e4        0x0 c:/program files (x86)/avr-gcc-12.0.1/bin/../lib/gcc/avr/12.1.0/../../../../avr/lib/avr6/crtatmega2560.o
                0x00000000000000e4                __init
 *(.init0)
 *(.init1)
 *(.init1)
 *(.init2)
 .init2         0x00000000000000e4       0x10 c:/program files (x86)/avr-gcc-12.0.1/bin/../lib/gcc/avr/12.1.0/../../../../avr/lib/avr6/crtatmega2560.o
 *(.init2)
 *(.init3)
 *(.init3)
 *(.init4)
 .init4         0x00000000000000f4       0x1a c:/program files (x86)/avr-gcc-12.0.1/bin/../lib/gcc/avr/12.1.0/avr6\libgcc.a(_copy_data.o)
                0x00000000000000f4                __do_copy_data
 .init4         0x000000000000010e       0x10 c:/program files (x86)/avr-gcc-12.0.1/bin/../lib/gcc/avr/12.1.0/avr6\libgcc.a(_clear_bss.o)
                0x000000000000010e                __do_clear_bss
 *(.init4)
 *(.init5)
 *(.init5)
 *(.init6)
 *(.init6)
 *(.init7)
 *(.init7)
 *(.init8)
 *(.init8)
 *(.init9)
 .init9         0x000000000000011e        0x8 c:/program files (x86)/avr-gcc-12.0.1/bin/../lib/gcc/avr/12.1.0/../../../../avr/lib/avr6/crtatmega2560.o
 *(.init9)
 *(.text)
 .text          0x0000000000000126        0x4 c:/program files (x86)/avr-gcc-12.0.1/bin/../lib/gcc/avr/12.1.0/../../../../avr/lib/avr6/crtatmega2560.o
                0x0000000000000126                __vector_38
                0x0000000000000126                __vector_22
                0x0000000000000126                __vector_28
                0x0000000000000126                __vector_1
                0x0000000000000126                __vector_32
                0x0000000000000126                __vector_34
                0x0000000000000126                __vector_24
                0x0000000000000126                __vector_12
                0x0000000000000126                __vector_55
                0x0000000000000126                __bad_interrupt
                0x0000000000000126                __vector_6
                0x0000000000000126                __vector_31
                0x0000000000000126                __vector_35
                0x0000000000000126                __vector_39
                0x0000000000000126                __vector_23
                0x0000000000000126                __vector_30
                0x0000000000000126                __vector_45
                0x0000000000000126                __vector_25
                0x0000000000000126                __vector_11
                0x0000000000000126                __vector_54
                0x0000000000000126                __vector_13
                0x0000000000000126                __vector_17
                0x0000000000000126                __vector_19
                0x0000000000000126                __vector_56
                0x0000000000000126                __vector_7
                0x0000000000000126                __vector_49
                0x0000000000000126                __vector_43
                0x0000000000000126                __vector_27
                0x0000000000000126                __vector_5
                0x0000000000000126                __vector_33
                0x0000000000000126                __vector_47
                0x0000000000000126                __vector_52
                0x0000000000000126                __vector_37
                0x0000000000000126                __vector_4
                0x0000000000000126                __vector_44
                0x0000000000000126                __vector_51
                0x0000000000000126                __vector_9
                0x0000000000000126                __vector_2
                0x0000000000000126                __vector_15
                0x0000000000000126                __vector_36
                0x0000000000000126                __vector_29
                0x0000000000000126                __vector_40
                0x0000000000000126                __vector_8
                0x0000000000000126                __vector_26
                0x0000000000000126                __vector_48
                0x0000000000000126                __vector_14
                0x0000000000000126                __vector_53
                0x0000000000000126                __vector_10
                0x0000000000000126                __vector_50
                0x0000000000000126                __vector_16
                0x0000000000000126                __vector_18
                0x0000000000000126                __vector_20
                0x0000000000000126                __vector_42
 .text          0x000000000000012a       0xc2 obj\Debug\clock.o
                0x000000000000012a                __vector_21
                0x00000000000001ce                initClock
 .text          0x00000000000001ec      0x15a obj\Debug\Display1.o
                0x00000000000001ec                _7segment_setup
                0x00000000000001f4                _7segment_write
                0x000000000000027a                display
                0x00000000000002fa                displayGeteldAantalPakketten
                0x0000000000000320                displayAantalPakketten
 .text          0x0000000000000346        0x0 obj\Debug\fuse.o
 .text          0x0000000000000346       0x9a obj\Debug\IRSensor.o
                0x0000000000000346                initSensoren
                0x0000000000000348                detecteerPakket0
                0x0000000000000370                detecteerPakket1
                0x000000000000039a                telPakketten
 .text          0x00000000000003e0       0xa6 obj\Debug\Knoppen.o
                0x00000000000003e0                initKnop
                0x00000000000003ee                stelWaardeIn
                0x0000000000000480                start
 .text          0x0000000000000486      0x3e2 obj\Debug\main.o
                0x0000000000000486                main
 .text          0x0000000000000868      0x156 obj\Debug\Navigatie.o
                0x0000000000000868                stopAGV
                0x000000000000087e                navigeer_pad
                0x000000000000097c                navigeer_bocht
 .text          0x00000000000009be       0x80 obj\Debug\noodstop.o
                0x00000000000009be                noodstop_Setup
                0x00000000000009d2                __vector_3
 .text          0x0000000000000a3e      0x306 obj\Debug\StepperMotor.o
                0x0000000000000a3e                stepperMotor1_init
                0x0000000000000a7c                stepperMotor2_init
                0x0000000000000aba                stepperMotor_init
                0x0000000000000ac4                stepperMotor1_setSpeed
                0x0000000000000c04                stepperMotor2_setSpeed
 .text          0x0000000000000d44      0x2e0 obj\Debug\Ultrasoon.o
                0x0000000000000d44                __vector_46
                0x0000000000000d66                __vector_41
                0x0000000000000d88                ultrasoon_setup_L
                0x0000000000000de2                ultrasoon_setup_R
                0x0000000000000e40                ultrasoon_setup
                0x0000000000000e4c                ultrasoon_getDistance_L
                0x0000000000000f38                ultrasoon_getDistance_R
 .text          0x0000000000001024        0x0 c:/program files (x86)/avr-gcc-12.0.1/bin/../lib/gcc/avr/12.1.0/avr6\libgcc.a(_exit.o)
 .text          0x0000000000001024        0x0 c:/program files (x86)/avr-gcc-12.0.1/bin/../lib/gcc/avr/12.1.0/avr6\libgcc.a(_copy_data.o)
 .text          0x0000000000001024        0x0 c:/program files (x86)/avr-gcc-12.0.1/bin/../lib/gcc/avr/12.1.0/avr6\libgcc.a(_clear_bss.o)
 .text          0x0000000000001024        0x0 c:/program files (x86)/avr-gcc-12.0.1/bin/../lib/gcc/avr/12.1.0/avr6\libgcc.a(_umulhisi3.o)
 .text          0x0000000000001024        0x0 c:/program files (x86)/avr-gcc-12.0.1/bin/../lib/gcc/avr/12.1.0/../../../../avr/lib/avr6\libm.a(addsf3.o)
 .text          0x0000000000001024        0x0 c:/program files (x86)/avr-gcc-12.0.1/bin/../lib/gcc/avr/12.1.0/../../../../avr/lib/avr6\libm.a(addsf3x.o)
 .text          0x0000000000001024        0x0 c:/program files (x86)/avr-gcc-12.0.1/bin/../lib/gcc/avr/12.1.0/../../../../avr/lib/avr6\libm.a(cmpsf2.o)
 .text          0x0000000000001024        0x0 c:/program files (x86)/avr-gcc-12.0.1/bin/../lib/gcc/avr/12.1.0/../../../../avr/lib/avr6\libm.a(divsf3.o)
 .text          0x0000000000001024        0x0 c:/program files (x86)/avr-gcc-12.0.1/bin/../lib/gcc/avr/12.1.0/../../../../avr/lib/avr6\libm.a(divsf3x.o)
 .text          0x0000000000001024        0x0 c:/program files (x86)/avr-gcc-12.0.1/bin/../lib/gcc/avr/12.1.0/../../../../avr/lib/avr6\libm.a(fixsfsi.o)
 .text          0x0000000000001024        0x0 c:/program files (x86)/avr-gcc-12.0.1/bin/../lib/gcc/avr/12.1.0/../../../../avr/lib/avr6\libm.a(fixunssfsi.o)
 .text          0x0000000000001024        0x0 c:/program files (x86)/avr-gcc-12.0.1/bin/../lib/gcc/avr/12.1.0/../../../../avr/lib/avr6\libm.a(floatsisf.o)
 .text          0x0000000000001024        0x0 c:/program files (x86)/avr-gcc-12.0.1/bin/../lib/gcc/avr/12.1.0/../../../../avr/lib/avr6\libm.a(fp_cmp.o)
 .text          0x0000000000001024        0x0 c:/program files (x86)/avr-gcc-12.0.1/bin/../lib/gcc/avr/12.1.0/../../../../avr/lib/avr6\libm.a(fp_inf.o)
 .text          0x0000000000001024        0x0 c:/program files (x86)/avr-gcc-12.0.1/bin/../lib/gcc/avr/12.1.0/../../../../avr/lib/avr6\libm.a(fp_nan.o)
 .text          0x0000000000001024        0x0 c:/program files (x86)/avr-gcc-12.0.1/bin/../lib/gcc/avr/12.1.0/../../../../avr/lib/avr6\libm.a(fp_pscA.o)
 .text          0x0000000000001024        0x0 c:/program files (x86)/avr-gcc-12.0.1/bin/../lib/gcc/avr/12.1.0/../../../../avr/lib/avr6\libm.a(fp_pscB.o)
 .text          0x0000000000001024        0x0 c:/program files (x86)/avr-gcc-12.0.1/bin/../lib/gcc/avr/12.1.0/../../../../avr/lib/avr6\libm.a(fp_round.o)
 .text          0x0000000000001024        0x0 c:/program files (x86)/avr-gcc-12.0.1/bin/../lib/gcc/avr/12.1.0/../../../../avr/lib/avr6\libm.a(fp_split3.o)
 .text          0x0000000000001024        0x0 c:/program files (x86)/avr-gcc-12.0.1/bin/../lib/gcc/avr/12.1.0/../../../../avr/lib/avr6\libm.a(fp_zero.o)
 .text          0x0000000000001024        0x0 c:/program files (x86)/avr-gcc-12.0.1/bin/../lib/gcc/avr/12.1.0/../../../../avr/lib/avr6\libm.a(gesf2.o)
 .text          0x0000000000001024        0x0 c:/program files (x86)/avr-gcc-12.0.1/bin/../lib/gcc/avr/12.1.0/../../../../avr/lib/avr6\libm.a(mulsf3.o)
 .text          0x0000000000001024        0x0 c:/program files (x86)/avr-gcc-12.0.1/bin/../lib/gcc/avr/12.1.0/../../../../avr/lib/avr6\libm.a(mulsf3x.o)
                0x0000000000001024                . = ALIGN (0x2)
 *(.text.*)
 .text.libgcc.mul
                0x0000000000001024        0x0 c:/program files (x86)/avr-gcc-12.0.1/bin/../lib/gcc/avr/12.1.0/avr6\libgcc.a(_exit.o)
 .text.libgcc.div
                0x0000000000001024        0x0 c:/program files (x86)/avr-gcc-12.0.1/bin/../lib/gcc/avr/12.1.0/avr6\libgcc.a(_exit.o)
 .text.libgcc   0x0000000000001024        0x0 c:/program files (x86)/avr-gcc-12.0.1/bin/../lib/gcc/avr/12.1.0/avr6\libgcc.a(_exit.o)
 .text.libgcc.prologue
                0x0000000000001024        0x0 c:/program files (x86)/avr-gcc-12.0.1/bin/../lib/gcc/avr/12.1.0/avr6\libgcc.a(_exit.o)
 .text.libgcc.builtins
                0x0000000000001024        0x0 c:/program files (x86)/avr-gcc-12.0.1/bin/../lib/gcc/avr/12.1.0/avr6\libgcc.a(_exit.o)
 .text.libgcc.fmul
                0x0000000000001024        0x0 c:/program files (x86)/avr-gcc-12.0.1/bin/../lib/gcc/avr/12.1.0/avr6\libgcc.a(_exit.o)
 .text.libgcc.fixed
                0x0000000000001024        0x0 c:/program files (x86)/avr-gcc-12.0.1/bin/../lib/gcc/avr/12.1.0/avr6\libgcc.a(_exit.o)
 .text.libgcc.mul
                0x0000000000001024        0x0 c:/program files (x86)/avr-gcc-12.0.1/bin/../lib/gcc/avr/12.1.0/avr6\libgcc.a(_copy_data.o)
 .text.libgcc.div
                0x0000000000001024        0x0 c:/program files (x86)/avr-gcc-12.0.1/bin/../lib/gcc/avr/12.1.0/avr6\libgcc.a(_copy_data.o)
 .text.libgcc   0x0000000000001024        0x0 c:/program files (x86)/avr-gcc-12.0.1/bin/../lib/gcc/avr/12.1.0/avr6\libgcc.a(_copy_data.o)
 .text.libgcc.prologue
                0x0000000000001024        0x0 c:/program files (x86)/avr-gcc-12.0.1/bin/../lib/gcc/avr/12.1.0/avr6\libgcc.a(_copy_data.o)
 .text.libgcc.builtins
                0x0000000000001024        0x0 c:/program files (x86)/avr-gcc-12.0.1/bin/../lib/gcc/avr/12.1.0/avr6\libgcc.a(_copy_data.o)
 .text.libgcc.fmul
                0x0000000000001024        0x0 c:/program files (x86)/avr-gcc-12.0.1/bin/../lib/gcc/avr/12.1.0/avr6\libgcc.a(_copy_data.o)
 .text.libgcc.fixed
                0x0000000000001024        0x0 c:/program files (x86)/avr-gcc-12.0.1/bin/../lib/gcc/avr/12.1.0/avr6\libgcc.a(_copy_data.o)
 .text.libgcc.mul
                0x0000000000001024        0x0 c:/program files (x86)/avr-gcc-12.0.1/bin/../lib/gcc/avr/12.1.0/avr6\libgcc.a(_clear_bss.o)
 .text.libgcc.div
                0x0000000000001024        0x0 c:/program files (x86)/avr-gcc-12.0.1/bin/../lib/gcc/avr/12.1.0/avr6\libgcc.a(_clear_bss.o)
 .text.libgcc   0x0000000000001024        0x0 c:/program files (x86)/avr-gcc-12.0.1/bin/../lib/gcc/avr/12.1.0/avr6\libgcc.a(_clear_bss.o)
 .text.libgcc.prologue
                0x0000000000001024        0x0 c:/program files (x86)/avr-gcc-12.0.1/bin/../lib/gcc/avr/12.1.0/avr6\libgcc.a(_clear_bss.o)
 .text.libgcc.builtins
                0x0000000000001024        0x0 c:/program files (x86)/avr-gcc-12.0.1/bin/../lib/gcc/avr/12.1.0/avr6\libgcc.a(_clear_bss.o)
 .text.libgcc.fmul
                0x0000000000001024        0x0 c:/program files (x86)/avr-gcc-12.0.1/bin/../lib/gcc/avr/12.1.0/avr6\libgcc.a(_clear_bss.o)
 .text.libgcc.fixed
                0x0000000000001024        0x0 c:/program files (x86)/avr-gcc-12.0.1/bin/../lib/gcc/avr/12.1.0/avr6\libgcc.a(_clear_bss.o)
 .text.libgcc.mul
                0x0000000000001024       0x1e c:/program files (x86)/avr-gcc-12.0.1/bin/../lib/gcc/avr/12.1.0/avr6\libgcc.a(_umulhisi3.o)
                0x0000000000001024                __umulhisi3
 .text.libgcc.div
                0x0000000000001042        0x0 c:/program files (x86)/avr-gcc-12.0.1/bin/../lib/gcc/avr/12.1.0/avr6\libgcc.a(_umulhisi3.o)
 .text.libgcc   0x0000000000001042        0x0 c:/program files (x86)/avr-gcc-12.0.1/bin/../lib/gcc/avr/12.1.0/avr6\libgcc.a(_umulhisi3.o)
 .text.libgcc.prologue
                0x0000000000001042        0x0 c:/program files (x86)/avr-gcc-12.0.1/bin/../lib/gcc/avr/12.1.0/avr6\libgcc.a(_umulhisi3.o)
 .text.libgcc.builtins
                0x0000000000001042        0x0 c:/program files (x86)/avr-gcc-12.0.1/bin/../lib/gcc/avr/12.1.0/avr6\libgcc.a(_umulhisi3.o)
 .text.libgcc.fmul
                0x0000000000001042        0x0 c:/program files (x86)/avr-gcc-12.0.1/bin/../lib/gcc/avr/12.1.0/avr6\libgcc.a(_umulhisi3.o)
 .text.libgcc.fixed
                0x0000000000001042        0x0 c:/program files (x86)/avr-gcc-12.0.1/bin/../lib/gcc/avr/12.1.0/avr6\libgcc.a(_umulhisi3.o)
 .text.avr-libc.fplib
                0x0000000000001042        0xe c:/program files (x86)/avr-gcc-12.0.1/bin/../lib/gcc/avr/12.1.0/../../../../avr/lib/avr6\libm.a(addsf3.o)
                0x0000000000001042                __subsf3
                0x0000000000001044                __addsf3
 .text.avr-libc.fplib
                0x0000000000001050       0xcc c:/program files (x86)/avr-gcc-12.0.1/bin/../lib/gcc/avr/12.1.0/../../../../avr/lib/avr6\libm.a(addsf3x.o)
                0x0000000000001072                __addsf3x
 .text.avr-libc.fplib
                0x000000000000111c        0xa c:/program files (x86)/avr-gcc-12.0.1/bin/../lib/gcc/avr/12.1.0/../../../../avr/lib/avr6\libm.a(cmpsf2.o)
                0x000000000000111c                __nesf2
                0x000000000000111c                __eqsf2
                0x000000000000111c                __cmpsf2
                0x000000000000111c                __ltsf2
                0x000000000000111c                __lesf2
 .text.avr-libc.fplib
                0x0000000000001126        0x8 c:/program files (x86)/avr-gcc-12.0.1/bin/../lib/gcc/avr/12.1.0/../../../../avr/lib/avr6\libm.a(divsf3.o)
                0x0000000000001126                __divsf3
 .text.avr-libc.fplib
                0x000000000000112e       0xdc c:/program files (x86)/avr-gcc-12.0.1/bin/../lib/gcc/avr/12.1.0/../../../../avr/lib/avr6\libm.a(divsf3x.o)
                0x000000000000114e                __divsf3x
                0x0000000000001154                __divsf3_pse
 .text.avr-libc.fplib
                0x000000000000120a        0xe c:/program files (x86)/avr-gcc-12.0.1/bin/../lib/gcc/avr/12.1.0/../../../../avr/lib/avr6\libm.a(fixsfsi.o)
                0x000000000000120a                __fixsfsi
 .text.avr-libc.fplib
                0x0000000000001218       0x5e c:/program files (x86)/avr-gcc-12.0.1/bin/../lib/gcc/avr/12.1.0/../../../../avr/lib/avr6\libm.a(fixunssfsi.o)
                0x0000000000001218                __fixunssfsi
 .text.avr-libc.fplib
                0x0000000000001276       0x7a c:/program files (x86)/avr-gcc-12.0.1/bin/../lib/gcc/avr/12.1.0/../../../../avr/lib/avr6\libm.a(floatsisf.o)
                0x0000000000001276                __floatunsisf
                0x000000000000127a                __floatsisf
 .text.avr-libc.fplib
                0x00000000000012f0       0x48 c:/program files (x86)/avr-gcc-12.0.1/bin/../lib/gcc/avr/12.1.0/../../../../avr/lib/avr6\libm.a(fp_cmp.o)
                0x00000000000012f0                __fp_cmp
 .text.avr-libc.fplib
                0x0000000000001338        0xc c:/program files (x86)/avr-gcc-12.0.1/bin/../lib/gcc/avr/12.1.0/../../../../avr/lib/avr6\libm.a(fp_inf.o)
                0x0000000000001338                __fp_inf
 .text.avr-libc.fplib
                0x0000000000001344        0x6 c:/program files (x86)/avr-gcc-12.0.1/bin/../lib/gcc/avr/12.1.0/../../../../avr/lib/avr6\libm.a(fp_nan.o)
                0x0000000000001344                __fp_nan
 .text.avr-libc.fplib
                0x000000000000134a        0xe c:/program files (x86)/avr-gcc-12.0.1/bin/../lib/gcc/avr/12.1.0/../../../../avr/lib/avr6\libm.a(fp_pscA.o)
                0x000000000000134a                __fp_pscA
 .text.avr-libc.fplib
                0x0000000000001358        0xe c:/program files (x86)/avr-gcc-12.0.1/bin/../lib/gcc/avr/12.1.0/../../../../avr/lib/avr6\libm.a(fp_pscB.o)
                0x0000000000001358                __fp_pscB
 .text.avr-libc.fplib
                0x0000000000001366       0x22 c:/program files (x86)/avr-gcc-12.0.1/bin/../lib/gcc/avr/12.1.0/../../../../avr/lib/avr6\libm.a(fp_round.o)
                0x0000000000001366                __fp_round
 .text.avr-libc.fplib
                0x0000000000001388       0x44 c:/program files (x86)/avr-gcc-12.0.1/bin/../lib/gcc/avr/12.1.0/../../../../avr/lib/avr6\libm.a(fp_split3.o)
                0x0000000000001388                __fp_split3
                0x0000000000001398                __fp_splitA
 .text.avr-libc.fplib
                0x00000000000013cc        0xe c:/program files (x86)/avr-gcc-12.0.1/bin/../lib/gcc/avr/12.1.0/../../../../avr/lib/avr6\libm.a(fp_zero.o)
                0x00000000000013cc                __fp_zero
                0x00000000000013ce                __fp_szero
 .text.avr-libc.fplib
                0x00000000000013da        0xa c:/program files (x86)/avr-gcc-12.0.1/bin/../lib/gcc/avr/12.1.0/../../../../avr/lib/avr6\libm.a(gesf2.o)
                0x00000000000013da                __gesf2
                0x00000000000013da                __gtsf2
 .text.avr-libc.fplib
                0x00000000000013e4        0x8 c:/program files (x86)/avr-gcc-12.0.1/bin/../lib/gcc/avr/12.1.0/../../../../avr/lib/avr6\libm.a(mulsf3.o)
                0x00000000000013e4                __mulsf3
 .text.avr-libc.fplib
                0x00000000000013ec       0xd2 c:/program files (x86)/avr-gcc-12.0.1/bin/../lib/gcc/avr/12.1.0/../../../../avr/lib/avr6\libm.a(mulsf3x.o)
                0x000000000000140a                __mulsf3x
                0x0000000000001410                __mulsf3_pse
                0x00000000000014be                . = ALIGN (0x2)
 *(.fini9)
 .fini9         0x00000000000014be        0x0 c:/program files (x86)/avr-gcc-12.0.1/bin/../lib/gcc/avr/12.1.0/avr6\libgcc.a(_exit.o)
                0x00000000000014be                _exit
                0x00000000000014be                exit
 *(.fini9)
 *(.fini8)
 *(.fini8)
 *(.fini7)
 *(.fini7)
 *(.fini6)
 *(.fini6)
 *(.fini5)
 *(.fini5)
 *(.fini4)
 *(.fini4)
 *(.fini3)
 *(.fini3)
 *(.fini2)
 *(.fini2)
 *(.fini1)
 *(.fini1)
 *(.fini0)
 .fini0         0x00000000000014be        0x4 c:/program files (x86)/avr-gcc-12.0.1/bin/../lib/gcc/avr/12.1.0/avr6\libgcc.a(_exit.o)
 *(.fini0)
 *(.hightext)
 *(.hightext*)
 *(.progmemx.*)
                0x00000000000014c2                . = ALIGN (0x2)
 *(.jumptables)
 *(.jumptables*)
                0x00000000000014c2                _etext = .

.data           0x0000000000800200       0x18 load address 0x00000000000014c2
                0x0000000000800200                PROVIDE (__data_start = .)
 *(.data)
 .data          0x0000000000800200        0x0 c:/program files (x86)/avr-gcc-12.0.1/bin/../lib/gcc/avr/12.1.0/../../../../avr/lib/avr6/crtatmega2560.o
 .data          0x0000000000800200        0x0 obj\Debug\clock.o
 .data          0x0000000000800200       0x11 obj\Debug\Display1.o
                0x0000000000800200                letters
                0x0000000000800207                numbers
 .data          0x0000000000800211        0x0 obj\Debug\fuse.o
 .data          0x0000000000800211        0x0 obj\Debug\IRSensor.o
 .data          0x0000000000800211        0x0 obj\Debug\Knoppen.o
 .data          0x0000000000800211        0x2 obj\Debug\main.o
 .data          0x0000000000800213        0x0 obj\Debug\Navigatie.o
 .data          0x0000000000800213        0x0 obj\Debug\noodstop.o
 .data          0x0000000000800213        0x0 obj\Debug\StepperMotor.o
 .data          0x0000000000800213        0x4 obj\Debug\Ultrasoon.o
 .data          0x0000000000800217        0x0 c:/program files (x86)/avr-gcc-12.0.1/bin/../lib/gcc/avr/12.1.0/avr6\libgcc.a(_exit.o)
 .data          0x0000000000800217        0x0 c:/program files (x86)/avr-gcc-12.0.1/bin/../lib/gcc/avr/12.1.0/avr6\libgcc.a(_copy_data.o)
 .data          0x0000000000800217        0x0 c:/program files (x86)/avr-gcc-12.0.1/bin/../lib/gcc/avr/12.1.0/avr6\libgcc.a(_clear_bss.o)
 .data          0x0000000000800217        0x0 c:/program files (x86)/avr-gcc-12.0.1/bin/../lib/gcc/avr/12.1.0/avr6\libgcc.a(_umulhisi3.o)
 .data          0x0000000000800217        0x0 c:/program files (x86)/avr-gcc-12.0.1/bin/../lib/gcc/avr/12.1.0/../../../../avr/lib/avr6\libm.a(addsf3.o)
 .data          0x0000000000800217        0x0 c:/program files (x86)/avr-gcc-12.0.1/bin/../lib/gcc/avr/12.1.0/../../../../avr/lib/avr6\libm.a(addsf3x.o)
 .data          0x0000000000800217        0x0 c:/program files (x86)/avr-gcc-12.0.1/bin/../lib/gcc/avr/12.1.0/../../../../avr/lib/avr6\libm.a(cmpsf2.o)
 .data          0x0000000000800217        0x0 c:/program files (x86)/avr-gcc-12.0.1/bin/../lib/gcc/avr/12.1.0/../../../../avr/lib/avr6\libm.a(divsf3.o)
 .data          0x0000000000800217        0x0 c:/program files (x86)/avr-gcc-12.0.1/bin/../lib/gcc/avr/12.1.0/../../../../avr/lib/avr6\libm.a(divsf3x.o)
 .data          0x0000000000800217        0x0 c:/program files (x86)/avr-gcc-12.0.1/bin/../lib/gcc/avr/12.1.0/../../../../avr/lib/avr6\libm.a(fixsfsi.o)
 .data          0x0000000000800217        0x0 c:/program files (x86)/avr-gcc-12.0.1/bin/../lib/gcc/avr/12.1.0/../../../../avr/lib/avr6\libm.a(fixunssfsi.o)
 .data          0x0000000000800217        0x0 c:/program files (x86)/avr-gcc-12.0.1/bin/../lib/gcc/avr/12.1.0/../../../../avr/lib/avr6\libm.a(floatsisf.o)
 .data          0x0000000000800217        0x0 c:/program files (x86)/avr-gcc-12.0.1/bin/../lib/gcc/avr/12.1.0/../../../../avr/lib/avr6\libm.a(fp_cmp.o)
 .data          0x0000000000800217        0x0 c:/program files (x86)/avr-gcc-12.0.1/bin/../lib/gcc/avr/12.1.0/../../../../avr/lib/avr6\libm.a(fp_inf.o)
 .data          0x0000000000800217        0x0 c:/program files (x86)/avr-gcc-12.0.1/bin/../lib/gcc/avr/12.1.0/../../../../avr/lib/avr6\libm.a(fp_nan.o)
 .data          0x0000000000800217        0x0 c:/program files (x86)/avr-gcc-12.0.1/bin/../lib/gcc/avr/12.1.0/../../../../avr/lib/avr6\libm.a(fp_pscA.o)
 .data          0x0000000000800217        0x0 c:/program files (x86)/avr-gcc-12.0.1/bin/../lib/gcc/avr/12.1.0/../../../../avr/lib/avr6\libm.a(fp_pscB.o)
 .data          0x0000000000800217        0x0 c:/program files (x86)/avr-gcc-12.0.1/bin/../lib/gcc/avr/12.1.0/../../../../avr/lib/avr6\libm.a(fp_round.o)
 .data          0x0000000000800217        0x0 c:/program files (x86)/avr-gcc-12.0.1/bin/../lib/gcc/avr/12.1.0/../../../../avr/lib/avr6\libm.a(fp_split3.o)
 .data          0x0000000000800217        0x0 c:/program files (x86)/avr-gcc-12.0.1/bin/../lib/gcc/avr/12.1.0/../../../../avr/lib/avr6\libm.a(fp_zero.o)
 .data          0x0000000000800217        0x0 c:/program files (x86)/avr-gcc-12.0.1/bin/../lib/gcc/avr/12.1.0/../../../../avr/lib/avr6\libm.a(gesf2.o)
 .data          0x0000000000800217        0x0 c:/program files (x86)/avr-gcc-12.0.1/bin/../lib/gcc/avr/12.1.0/../../../../avr/lib/avr6\libm.a(mulsf3.o)
 .data          0x0000000000800217        0x0 c:/program files (x86)/avr-gcc-12.0.1/bin/../lib/gcc/avr/12.1.0/../../../../avr/lib/avr6\libm.a(mulsf3x.o)
 *(.data*)
 *(.gnu.linkonce.d*)
 *(.rodata)
 *(.rodata*)
 *(.gnu.linkonce.r*)
                0x0000000000800218                . = ALIGN (0x2)
 *fill*         0x0000000000800217        0x1 
                0x0000000000800218                _edata = .
                0x0000000000800218                PROVIDE (__data_end = .)

.bss            0x0000000000800218       0x2e
                0x0000000000800218                PROVIDE (__bss_start = .)
 *(.bss)
 .bss           0x0000000000800218        0x0 c:/program files (x86)/avr-gcc-12.0.1/bin/../lib/gcc/avr/12.1.0/../../../../avr/lib/avr6/crtatmega2560.o
 .bss           0x0000000000800218        0x4 obj\Debug\clock.o
                0x0000000000800218                time
 .bss           0x000000000080021c        0x4 obj\Debug\Display1.o
                0x000000000080021c                verwachtAantalPakketten
                0x000000000080021e                teller
 .bss           0x0000000000800220        0x0 obj\Debug\fuse.o
 .bss           0x0000000000800220        0x4 obj\Debug\IRSensor.o
                0x0000000000800220                aantalPakketten
                0x0000000000800222                pakketGeteld
 .bss           0x0000000000800224        0x0 obj\Debug\Knoppen.o
 .bss           0x0000000000800224       0x1c obj\Debug\main.o
                0x0000000000800224                pakketten
                0x0000000000800226                begin
 .bss           0x0000000000800240        0x0 obj\Debug\Navigatie.o
 .bss           0x0000000000800240        0x0 obj\Debug\noodstop.o
 .bss           0x0000000000800240        0x0 obj\Debug\StepperMotor.o
 .bss           0x0000000000800240        0x6 obj\Debug\Ultrasoon.o
                0x0000000000800240                nieuwe_meting_R
                0x0000000000800241                nieuwe_meting_L
 .bss           0x0000000000800246        0x0 c:/program files (x86)/avr-gcc-12.0.1/bin/../lib/gcc/avr/12.1.0/avr6\libgcc.a(_exit.o)
 .bss           0x0000000000800246        0x0 c:/program files (x86)/avr-gcc-12.0.1/bin/../lib/gcc/avr/12.1.0/avr6\libgcc.a(_copy_data.o)
 .bss           0x0000000000800246        0x0 c:/program files (x86)/avr-gcc-12.0.1/bin/../lib/gcc/avr/12.1.0/avr6\libgcc.a(_clear_bss.o)
 .bss           0x0000000000800246        0x0 c:/program files (x86)/avr-gcc-12.0.1/bin/../lib/gcc/avr/12.1.0/avr6\libgcc.a(_umulhisi3.o)
 .bss           0x0000000000800246        0x0 c:/program files (x86)/avr-gcc-12.0.1/bin/../lib/gcc/avr/12.1.0/../../../../avr/lib/avr6\libm.a(addsf3.o)
 .bss           0x0000000000800246        0x0 c:/program files (x86)/avr-gcc-12.0.1/bin/../lib/gcc/avr/12.1.0/../../../../avr/lib/avr6\libm.a(addsf3x.o)
 .bss           0x0000000000800246        0x0 c:/program files (x86)/avr-gcc-12.0.1/bin/../lib/gcc/avr/12.1.0/../../../../avr/lib/avr6\libm.a(cmpsf2.o)
 .bss           0x0000000000800246        0x0 c:/program files (x86)/avr-gcc-12.0.1/bin/../lib/gcc/avr/12.1.0/../../../../avr/lib/avr6\libm.a(divsf3.o)
 .bss           0x0000000000800246        0x0 c:/program files (x86)/avr-gcc-12.0.1/bin/../lib/gcc/avr/12.1.0/../../../../avr/lib/avr6\libm.a(divsf3x.o)
 .bss           0x0000000000800246        0x0 c:/program files (x86)/avr-gcc-12.0.1/bin/../lib/gcc/avr/12.1.0/../../../../avr/lib/avr6\libm.a(fixsfsi.o)
 .bss           0x0000000000800246        0x0 c:/program files (x86)/avr-gcc-12.0.1/bin/../lib/gcc/avr/12.1.0/../../../../avr/lib/avr6\libm.a(fixunssfsi.o)
 .bss           0x0000000000800246        0x0 c:/program files (x86)/avr-gcc-12.0.1/bin/../lib/gcc/avr/12.1.0/../../../../avr/lib/avr6\libm.a(floatsisf.o)
 .bss           0x0000000000800246        0x0 c:/program files (x86)/avr-gcc-12.0.1/bin/../lib/gcc/avr/12.1.0/../../../../avr/lib/avr6\libm.a(fp_cmp.o)
 .bss           0x0000000000800246        0x0 c:/program files (x86)/avr-gcc-12.0.1/bin/../lib/gcc/avr/12.1.0/../../../../avr/lib/avr6\libm.a(fp_inf.o)
 .bss           0x0000000000800246        0x0 c:/program files (x86)/avr-gcc-12.0.1/bin/../lib/gcc/avr/12.1.0/../../../../avr/lib/avr6\libm.a(fp_nan.o)
 .bss           0x0000000000800246        0x0 c:/program files (x86)/avr-gcc-12.0.1/bin/../lib/gcc/avr/12.1.0/../../../../avr/lib/avr6\libm.a(fp_pscA.o)
 .bss           0x0000000000800246        0x0 c:/program files (x86)/avr-gcc-12.0.1/bin/../lib/gcc/avr/12.1.0/../../../../avr/lib/avr6\libm.a(fp_pscB.o)
 .bss           0x0000000000800246        0x0 c:/program files (x86)/avr-gcc-12.0.1/bin/../lib/gcc/avr/12.1.0/../../../../avr/lib/avr6\libm.a(fp_round.o)
 .bss           0x0000000000800246        0x0 c:/program files (x86)/avr-gcc-12.0.1/bin/../lib/gcc/avr/12.1.0/../../../../avr/lib/avr6\libm.a(fp_split3.o)
 .bss           0x0000000000800246        0x0 c:/program files (x86)/avr-gcc-12.0.1/bin/../lib/gcc/avr/12.1.0/../../../../avr/lib/avr6\libm.a(fp_zero.o)
 .bss           0x0000000000800246        0x0 c:/program files (x86)/avr-gcc-12.0.1/bin/../lib/gcc/avr/12.1.0/../../../../avr/lib/avr6\libm.a(gesf2.o)
 .bss           0x0000000000800246        0x0 c:/program files (x86)/avr-gcc-12.0.1/bin/../lib/gcc/avr/12.1.0/../../../../avr/lib/avr6\libm.a(mulsf3.o)
 .bss           0x0000000000800246        0x0 c:/program files (x86)/avr-gcc-12.0.1/bin/../lib/gcc/avr/12.1.0/../../../../avr/lib/avr6\libm.a(mulsf3x.o)
 *(.bss*)
 *(COMMON)
                0x0000000000800246                PROVIDE (__bss_end = .)
                0x00000000000014c2                __data_load_start = LOADADDR (.data)
                0x00000000000014da                __data_load_end = (__data_load_start + SIZEOF (.data))

.noinit         0x0000000000800246        0x0
                [!provide]                        PROVIDE (__noinit_start = .)
 *(.noinit .noinit.* .gnu.linkonce.n.*)
                [!provide]                        PROVIDE (__noinit_end = .)
                0x0000000000800246                _end = .
                [!provide]                        PROVIDE (__heap_start = .)

.eeprom         0x0000000000810000        0x0
 *(.eeprom*)
                0x0000000000810000                __eeprom_end = .

.fuse           0x0000000000820000        0x3
 *(.fuse)
 .fuse          0x0000000000820000        0x3 obj\Debug\fuse.o
                0x0000000000820000                __fuse
 *(.lfuse)
 *(.hfuse)
 *(.efuse)

.lock
 *(.lock*)

.signature
 *(.signature*)

.stab
 *(.stab)

.stabstr
 *(.stabstr)

.stab.excl
 *(.stab.excl)

.stab.exclstr
 *(.stab.exclstr)

.stab.index
 *(.stab.index)

.stab.indexstr
 *(.stab.indexstr)

.comment        0x0000000000000000       0x12
 *(.comment)
 .comment       0x0000000000000000       0x12 obj\Debug\clock.o
                                         0x13 (size before relaxing)
 .comment       0x0000000000000012       0x13 obj\Debug\Display1.o
 .comment       0x0000000000000012       0x13 obj\Debug\fuse.o
 .comment       0x0000000000000012       0x13 obj\Debug\IRSensor.o
 .comment       0x0000000000000012       0x13 obj\Debug\Knoppen.o
 .comment       0x0000000000000012       0x13 obj\Debug\main.o
 .comment       0x0000000000000012       0x13 obj\Debug\Navigatie.o
 .comment       0x0000000000000012       0x13 obj\Debug\noodstop.o
 .comment       0x0000000000000012       0x13 obj\Debug\StepperMotor.o
 .comment       0x0000000000000012       0x13 obj\Debug\Ultrasoon.o

.note.gnu.avr.deviceinfo
                0x0000000000000000       0x40
 .note.gnu.avr.deviceinfo
                0x0000000000000000       0x40 c:/program files (x86)/avr-gcc-12.0.1/bin/../lib/gcc/avr/12.1.0/../../../../avr/lib/avr6/crtatmega2560.o

.note.gnu.build-id
 *(.note.gnu.build-id)

.debug
 *(.debug)

.line
 *(.line)

.debug_srcinfo
 *(.debug_srcinfo)

.debug_sfnames
 *(.debug_sfnames)

.debug_aranges  0x0000000000000000      0x1b8
 *(.debug_aranges)
 .debug_aranges
                0x0000000000000000       0x20 obj\Debug\clock.o
 .debug_aranges
                0x0000000000000020       0x20 obj\Debug\Display1.o
 .debug_aranges
                0x0000000000000040       0x18 obj\Debug\fuse.o
 .debug_aranges
                0x0000000000000058       0x20 obj\Debug\IRSensor.o
 .debug_aranges
                0x0000000000000078       0x20 obj\Debug\Knoppen.o
 .debug_aranges
                0x0000000000000098       0x20 obj\Debug\main.o
 .debug_aranges
                0x00000000000000b8       0x20 obj\Debug\Navigatie.o
 .debug_aranges
                0x00000000000000d8       0x20 obj\Debug\noodstop.o
 .debug_aranges
                0x00000000000000f8       0x20 obj\Debug\StepperMotor.o
 .debug_aranges
                0x0000000000000118       0x20 obj\Debug\Ultrasoon.o
 .debug_aranges
                0x0000000000000138       0x20 c:/program files (x86)/avr-gcc-12.0.1/bin/../lib/gcc/avr/12.1.0/avr6\libgcc.a(_exit.o)
 .debug_aranges
                0x0000000000000158       0x20 c:/program files (x86)/avr-gcc-12.0.1/bin/../lib/gcc/avr/12.1.0/avr6\libgcc.a(_copy_data.o)
 .debug_aranges
                0x0000000000000178       0x20 c:/program files (x86)/avr-gcc-12.0.1/bin/../lib/gcc/avr/12.1.0/avr6\libgcc.a(_clear_bss.o)
 .debug_aranges
                0x0000000000000198       0x20 c:/program files (x86)/avr-gcc-12.0.1/bin/../lib/gcc/avr/12.1.0/avr6\libgcc.a(_umulhisi3.o)

.debug_pubnames
 *(.debug_pubnames)

.debug_info     0x0000000000000000     0x2035
 *(.debug_info .gnu.linkonce.wi.*)
 .debug_info    0x0000000000000000      0xbbc c:/program files (x86)/avr-gcc-12.0.1/bin/../lib/gcc/avr/12.1.0/../../../../avr/lib/avr6/crtatmega2560.o
 .debug_info    0x0000000000000bbc       0xcc obj\Debug\clock.o
 .debug_info    0x0000000000000c88      0x2ca obj\Debug\Display1.o
 .debug_info    0x0000000000000f52       0xa2 obj\Debug\fuse.o
 .debug_info    0x0000000000000ff4      0x212 obj\Debug\IRSensor.o
 .debug_info    0x0000000000001206      0x1cf obj\Debug\Knoppen.o
 .debug_info    0x00000000000013d5      0x337 obj\Debug\main.o
 .debug_info    0x000000000000170c      0x2ee obj\Debug\Navigatie.o
 .debug_info    0x00000000000019fa      0x16f obj\Debug\noodstop.o
 .debug_info    0x0000000000001b69      0x215 obj\Debug\StepperMotor.o
 .debug_info    0x0000000000001d7e      0x227 obj\Debug\Ultrasoon.o
 .debug_info    0x0000000000001fa5       0x24 c:/program files (x86)/avr-gcc-12.0.1/bin/../lib/gcc/avr/12.1.0/avr6\libgcc.a(_exit.o)
 .debug_info    0x0000000000001fc9       0x24 c:/program files (x86)/avr-gcc-12.0.1/bin/../lib/gcc/avr/12.1.0/avr6\libgcc.a(_copy_data.o)
 .debug_info    0x0000000000001fed       0x24 c:/program files (x86)/avr-gcc-12.0.1/bin/../lib/gcc/avr/12.1.0/avr6\libgcc.a(_clear_bss.o)
 .debug_info    0x0000000000002011       0x24 c:/program files (x86)/avr-gcc-12.0.1/bin/../lib/gcc/avr/12.1.0/avr6\libgcc.a(_umulhisi3.o)

.debug_abbrev   0x0000000000000000     0x165c
 *(.debug_abbrev)
 .debug_abbrev  0x0000000000000000      0xb1a c:/program files (x86)/avr-gcc-12.0.1/bin/../lib/gcc/avr/12.1.0/../../../../avr/lib/avr6/crtatmega2560.o
 .debug_abbrev  0x0000000000000b1a       0xaa obj\Debug\clock.o
 .debug_abbrev  0x0000000000000bc4      0x1c6 obj\Debug\Display1.o
 .debug_abbrev  0x0000000000000d8a       0x7b obj\Debug\fuse.o
 .debug_abbrev  0x0000000000000e05      0x15e obj\Debug\IRSensor.o
 .debug_abbrev  0x0000000000000f63      0x15d obj\Debug\Knoppen.o
 .debug_abbrev  0x00000000000010c0      0x11b obj\Debug\main.o
 .debug_abbrev  0x00000000000011db      0x124 obj\Debug\Navigatie.o
 .debug_abbrev  0x00000000000012ff      0x13a obj\Debug\noodstop.o
 .debug_abbrev  0x0000000000001439       0xc0 obj\Debug\StepperMotor.o
 .debug_abbrev  0x00000000000014f9      0x113 obj\Debug\Ultrasoon.o
 .debug_abbrev  0x000000000000160c       0x14 c:/program files (x86)/avr-gcc-12.0.1/bin/../lib/gcc/avr/12.1.0/avr6\libgcc.a(_exit.o)
 .debug_abbrev  0x0000000000001620       0x14 c:/program files (x86)/avr-gcc-12.0.1/bin/../lib/gcc/avr/12.1.0/avr6\libgcc.a(_copy_data.o)
 .debug_abbrev  0x0000000000001634       0x14 c:/program files (x86)/avr-gcc-12.0.1/bin/../lib/gcc/avr/12.1.0/avr6\libgcc.a(_clear_bss.o)
 .debug_abbrev  0x0000000000001648       0x14 c:/program files (x86)/avr-gcc-12.0.1/bin/../lib/gcc/avr/12.1.0/avr6\libgcc.a(_umulhisi3.o)

.debug_line     0x0000000000000000     0x19ca
 *(.debug_line .debug_line.* .debug_line_end)
 .debug_line    0x0000000000000000       0x1d c:/program files (x86)/avr-gcc-12.0.1/bin/../lib/gcc/avr/12.1.0/../../../../avr/lib/avr6/crtatmega2560.o
 .debug_line    0x000000000000001d       0xd1 obj\Debug\clock.o
 .debug_line    0x00000000000000ee      0x391 obj\Debug\Display1.o
 .debug_line    0x000000000000047f       0x3f obj\Debug\fuse.o
 .debug_line    0x00000000000004be      0x23f obj\Debug\IRSensor.o
 .debug_line    0x00000000000006fd      0x24f obj\Debug\Knoppen.o
 .debug_line    0x000000000000094c      0x3d3 obj\Debug\main.o
 .debug_line    0x0000000000000d1f      0x16c obj\Debug\Navigatie.o
 .debug_line    0x0000000000000e8b      0x139 obj\Debug\noodstop.o
 .debug_line    0x0000000000000fc4      0x3f0 obj\Debug\StepperMotor.o
 .debug_line    0x00000000000013b4      0x41e obj\Debug\Ultrasoon.o
 .debug_line    0x00000000000017d2       0x51 c:/program files (x86)/avr-gcc-12.0.1/bin/../lib/gcc/avr/12.1.0/avr6\libgcc.a(_exit.o)
 .debug_line    0x0000000000001823       0x93 c:/program files (x86)/avr-gcc-12.0.1/bin/../lib/gcc/avr/12.1.0/avr6\libgcc.a(_copy_data.o)
 .debug_line    0x00000000000018b6       0x75 c:/program files (x86)/avr-gcc-12.0.1/bin/../lib/gcc/avr/12.1.0/avr6\libgcc.a(_clear_bss.o)
 .debug_line    0x000000000000192b       0x9f c:/program files (x86)/avr-gcc-12.0.1/bin/../lib/gcc/avr/12.1.0/avr6\libgcc.a(_umulhisi3.o)

.debug_frame    0x0000000000000000      0x3dc
 *(.debug_frame)
 .debug_frame   0x0000000000000000       0x8c obj\Debug\clock.o
 .debug_frame   0x000000000000008c       0x74 obj\Debug\Display1.o
 .debug_frame   0x0000000000000100       0x54 obj\Debug\IRSensor.o
 .debug_frame   0x0000000000000154       0x44 obj\Debug\Knoppen.o
 .debug_frame   0x0000000000000198       0x2c obj\Debug\main.o
 .debug_frame   0x00000000000001c4       0x74 obj\Debug\Navigatie.o
 .debug_frame   0x0000000000000238       0x7c obj\Debug\noodstop.o
 .debug_frame   0x00000000000002b4       0x84 obj\Debug\StepperMotor.o
 .debug_frame   0x0000000000000338       0xa4 obj\Debug\Ultrasoon.o

.debug_str      0x0000000000000000      0x93f
 *(.debug_str)
 .debug_str     0x0000000000000000      0x3e9 c:/program files (x86)/avr-gcc-12.0.1/bin/../lib/gcc/avr/12.1.0/../../../../avr/lib/avr6/crtatmega2560.o
 .debug_str     0x00000000000003e9       0xbc obj\Debug\clock.o
                                         0xf0 (size before relaxing)
 .debug_str     0x00000000000004a5       0xec obj\Debug\Display1.o
                                        0x1b2 (size before relaxing)
 .debug_str     0x0000000000000591       0x1e obj\Debug\fuse.o
                                         0xdc (size before relaxing)
 .debug_str     0x00000000000005af       0x69 obj\Debug\IRSensor.o
                                        0x17f (size before relaxing)
 .debug_str     0x0000000000000618       0x1c obj\Debug\Knoppen.o
                                        0x152 (size before relaxing)
 .debug_str     0x0000000000000634       0xdf obj\Debug\main.o
                                        0x256 (size before relaxing)
 .debug_str     0x0000000000000713       0xc3 obj\Debug\Navigatie.o
                                        0x1a5 (size before relaxing)
 .debug_str     0x00000000000007d6       0x1a obj\Debug\noodstop.o
                                        0x138 (size before relaxing)
 .debug_str     0x00000000000007f0       0x64 obj\Debug\StepperMotor.o
                                        0x189 (size before relaxing)
 .debug_str     0x0000000000000854       0x8c obj\Debug\Ultrasoon.o
                                        0x1b2 (size before relaxing)
 .debug_str     0x00000000000008e0       0x5f c:/program files (x86)/avr-gcc-12.0.1/bin/../lib/gcc/avr/12.1.0/avr6\libgcc.a(_exit.o)
 .debug_str     0x000000000000093f       0x5f c:/program files (x86)/avr-gcc-12.0.1/bin/../lib/gcc/avr/12.1.0/avr6\libgcc.a(_copy_data.o)
 .debug_str     0x000000000000093f       0x5f c:/program files (x86)/avr-gcc-12.0.1/bin/../lib/gcc/avr/12.1.0/avr6\libgcc.a(_clear_bss.o)
 .debug_str     0x000000000000093f       0x5f c:/program files (x86)/avr-gcc-12.0.1/bin/../lib/gcc/avr/12.1.0/avr6\libgcc.a(_umulhisi3.o)

.debug_loc
 *(.debug_loc)

.debug_macinfo
 *(.debug_macinfo)

.debug_weaknames
 *(.debug_weaknames)

.debug_funcnames
 *(.debug_funcnames)

.debug_typenames
 *(.debug_typenames)

.debug_varnames
 *(.debug_varnames)

.debug_pubtypes
 *(.debug_pubtypes)

.debug_ranges
 *(.debug_ranges)

.debug_addr
 *(.debug_addr)

.debug_line_str
                0x0000000000000000      0x205
 *(.debug_line_str)
 .debug_line_str
                0x0000000000000000       0x88 obj\Debug\clock.o
                                         0xd5 (size before relaxing)
 .debug_line_str
                0x0000000000000088       0x5c obj\Debug\Display1.o
                                        0x127 (size before relaxing)
 .debug_line_str
                0x00000000000000e4       0x44 obj\Debug\fuse.o
                                         0xcc (size before relaxing)
 .debug_line_str
                0x0000000000000128       0x16 obj\Debug\IRSensor.o
                                        0x127 (size before relaxing)
 .debug_line_str
                0x000000000000013e        0xa obj\Debug\Knoppen.o
                                        0x124 (size before relaxing)
 .debug_line_str
                0x0000000000000148       0x38 obj\Debug\main.o
                                         0xde (size before relaxing)
 .debug_line_str
                0x0000000000000180        0xc obj\Debug\Navigatie.o
                                         0xc5 (size before relaxing)
 .debug_line_str
                0x000000000000018c        0xb obj\Debug\noodstop.o
                                        0x127 (size before relaxing)
 .debug_line_str
                0x0000000000000197        0xf obj\Debug\StepperMotor.o
                                         0xe2 (size before relaxing)
 .debug_line_str
                0x00000000000001a6        0xc obj\Debug\Ultrasoon.o
                                         0xd9 (size before relaxing)
 .debug_line_str
                0x00000000000001b2       0x53 c:/program files (x86)/avr-gcc-12.0.1/bin/../lib/gcc/avr/12.1.0/avr6\libgcc.a(_exit.o)
                                         0x5f (size before relaxing)
 .debug_line_str
                0x0000000000000205       0x5f c:/program files (x86)/avr-gcc-12.0.1/bin/../lib/gcc/avr/12.1.0/avr6\libgcc.a(_copy_data.o)
 .debug_line_str
                0x0000000000000205       0x5f c:/program files (x86)/avr-gcc-12.0.1/bin/../lib/gcc/avr/12.1.0/avr6\libgcc.a(_clear_bss.o)
 .debug_line_str
                0x0000000000000205       0x5f c:/program files (x86)/avr-gcc-12.0.1/bin/../lib/gcc/avr/12.1.0/avr6\libgcc.a(_umulhisi3.o)

.debug_loclists
                0x0000000000000000      0x44d
 *(.debug_loclists)
 .debug_loclists
                0x0000000000000000       0xc1 obj\Debug\Display1.o
 .debug_loclists
                0x00000000000000c1       0x8c obj\Debug\IRSensor.o
 .debug_loclists
                0x000000000000014d       0x5c obj\Debug\Knoppen.o
 .debug_loclists
                0x00000000000001a9       0xa7 obj\Debug\Navigatie.o
 .debug_loclists
                0x0000000000000250       0x33 obj\Debug\noodstop.o
 .debug_loclists
                0x0000000000000283      0x13c obj\Debug\StepperMotor.o
 .debug_loclists
                0x00000000000003bf       0x8e obj\Debug\Ultrasoon.o

.debug_macro
 *(.debug_macro)

.debug_names
 *(.debug_names)

.debug_rnglists
                0x0000000000000000       0x2d
 *(.debug_rnglists)
 .debug_rnglists
                0x0000000000000000       0x17 obj\Debug\Display1.o
 .debug_rnglists
                0x0000000000000017       0x16 obj\Debug\main.o

.debug_str_offsets
 *(.debug_str_offsets)

.debug_sup
 *(.debug_sup)
OUTPUT(bin\Debug\projectAGV.elf elf32-avr)
LOAD linker stubs

Cross Reference Table

Symbol                                            File
_7segment_setup                                   obj\Debug\Display1.o
                                                  obj\Debug\main.o
_7segment_write                                   obj\Debug\Display1.o
                                                  obj\Debug\main.o
__FUSE_REGION_LENGTH__                            c:/program files (x86)/avr-gcc-12.0.1/bin/../lib/gcc/avr/12.1.0/../../../../avr/lib/avr6/crtatmega2560.o
__addsf3                                          c:/program files (x86)/avr-gcc-12.0.1/bin/../lib/gcc/avr/12.1.0/../../../../avr/lib/avr6\libm.a(addsf3.o)
                                                  obj\Debug\StepperMotor.o
                                                  obj\Debug\Navigatie.o
                                                  obj\Debug\main.o
                                                  obj\Debug\clock.o
__addsf3x                                         c:/program files (x86)/avr-gcc-12.0.1/bin/../lib/gcc/avr/12.1.0/../../../../avr/lib/avr6\libm.a(addsf3x.o)
                                                  c:/program files (x86)/avr-gcc-12.0.1/bin/../lib/gcc/avr/12.1.0/../../../../avr/lib/avr6\libm.a(addsf3.o)
__bad_interrupt                                   c:/program files (x86)/avr-gcc-12.0.1/bin/../lib/gcc/avr/12.1.0/../../../../avr/lib/avr6/crtatmega2560.o
__bss_end                                         c:/program files (x86)/avr-gcc-12.0.1/bin/../lib/gcc/avr/12.1.0/avr6\libgcc.a(_clear_bss.o)
__bss_start                                       c:/program files (x86)/avr-gcc-12.0.1/bin/../lib/gcc/avr/12.1.0/avr6\libgcc.a(_clear_bss.o)
__cmpsf2                                          c:/program files (x86)/avr-gcc-12.0.1/bin/../lib/gcc/avr/12.1.0/../../../../avr/lib/avr6\libm.a(cmpsf2.o)
__data_end                                        c:/program files (x86)/avr-gcc-12.0.1/bin/../lib/gcc/avr/12.1.0/avr6\libgcc.a(_copy_data.o)
__data_load_start                                 c:/program files (x86)/avr-gcc-12.0.1/bin/../lib/gcc/avr/12.1.0/avr6\libgcc.a(_copy_data.o)
__data_start                                      c:/program files (x86)/avr-gcc-12.0.1/bin/../lib/gcc/avr/12.1.0/avr6\libgcc.a(_copy_data.o)
__divsf3                                          c:/program files (x86)/avr-gcc-12.0.1/bin/../lib/gcc/avr/12.1.0/../../../../avr/lib/avr6\libm.a(divsf3.o)
                                                  obj\Debug\Ultrasoon.o
                                                  obj\Debug\StepperMotor.o
__divsf3_pse                                      c:/program files (x86)/avr-gcc-12.0.1/bin/../lib/gcc/avr/12.1.0/../../../../avr/lib/avr6\libm.a(divsf3x.o)
__divsf3x                                         c:/program files (x86)/avr-gcc-12.0.1/bin/../lib/gcc/avr/12.1.0/../../../../avr/lib/avr6\libm.a(divsf3x.o)
                                                  c:/program files (x86)/avr-gcc-12.0.1/bin/../lib/gcc/avr/12.1.0/../../../../avr/lib/avr6\libm.a(divsf3.o)
__do_clear_bss                                    c:/program files (x86)/avr-gcc-12.0.1/bin/../lib/gcc/avr/12.1.0/avr6\libgcc.a(_clear_bss.o)
                                                  obj\Debug\Ultrasoon.o
                                                  obj\Debug\main.o
                                                  obj\Debug\IRSensor.o
                                                  obj\Debug\Display1.o
                                                  obj\Debug\clock.o
__do_copy_data                                    c:/program files (x86)/avr-gcc-12.0.1/bin/../lib/gcc/avr/12.1.0/avr6\libgcc.a(_copy_data.o)
                                                  obj\Debug\Ultrasoon.o
                                                  obj\Debug\main.o
                                                  obj\Debug\Display1.o
__eqsf2                                           c:/program files (x86)/avr-gcc-12.0.1/bin/../lib/gcc/avr/12.1.0/../../../../avr/lib/avr6\libm.a(cmpsf2.o)
__fixsfsi                                         c:/program files (x86)/avr-gcc-12.0.1/bin/../lib/gcc/avr/12.1.0/../../../../avr/lib/avr6\libm.a(fixsfsi.o)
                                                  obj\Debug\main.o
__fixunssfsi                                      c:/program files (x86)/avr-gcc-12.0.1/bin/../lib/gcc/avr/12.1.0/../../../../avr/lib/avr6\libm.a(fixunssfsi.o)
                                                  c:/program files (x86)/avr-gcc-12.0.1/bin/../lib/gcc/avr/12.1.0/../../../../avr/lib/avr6\libm.a(fixsfsi.o)
                                                  obj\Debug\StepperMotor.o
__floatsisf                                       c:/program files (x86)/avr-gcc-12.0.1/bin/../lib/gcc/avr/12.1.0/../../../../avr/lib/avr6\libm.a(floatsisf.o)
__floatunsisf                                     c:/program files (x86)/avr-gcc-12.0.1/bin/../lib/gcc/avr/12.1.0/../../../../avr/lib/avr6\libm.a(floatsisf.o)
                                                  obj\Debug\Ultrasoon.o
__fp_cmp                                          c:/program files (x86)/avr-gcc-12.0.1/bin/../lib/gcc/avr/12.1.0/../../../../avr/lib/avr6\libm.a(fp_cmp.o)
                                                  c:/program files (x86)/avr-gcc-12.0.1/bin/../lib/gcc/avr/12.1.0/../../../../avr/lib/avr6\libm.a(gesf2.o)
                                                  c:/program files (x86)/avr-gcc-12.0.1/bin/../lib/gcc/avr/12.1.0/../../../../avr/lib/avr6\libm.a(cmpsf2.o)
__fp_inf                                          c:/program files (x86)/avr-gcc-12.0.1/bin/../lib/gcc/avr/12.1.0/../../../../avr/lib/avr6\libm.a(fp_inf.o)
                                                  c:/program files (x86)/avr-gcc-12.0.1/bin/../lib/gcc/avr/12.1.0/../../../../avr/lib/avr6\libm.a(mulsf3x.o)
                                                  c:/program files (x86)/avr-gcc-12.0.1/bin/../lib/gcc/avr/12.1.0/../../../../avr/lib/avr6\libm.a(divsf3x.o)
                                                  c:/program files (x86)/avr-gcc-12.0.1/bin/../lib/gcc/avr/12.1.0/../../../../avr/lib/avr6\libm.a(addsf3x.o)
__fp_nan                                          c:/program files (x86)/avr-gcc-12.0.1/bin/../lib/gcc/avr/12.1.0/../../../../avr/lib/avr6\libm.a(fp_nan.o)
                                                  c:/program files (x86)/avr-gcc-12.0.1/bin/../lib/gcc/avr/12.1.0/../../../../avr/lib/avr6\libm.a(mulsf3x.o)
                                                  c:/program files (x86)/avr-gcc-12.0.1/bin/../lib/gcc/avr/12.1.0/../../../../avr/lib/avr6\libm.a(divsf3x.o)
                                                  c:/program files (x86)/avr-gcc-12.0.1/bin/../lib/gcc/avr/12.1.0/../../../../avr/lib/avr6\libm.a(addsf3x.o)
__fp_pscA                                         c:/program files (x86)/avr-gcc-12.0.1/bin/../lib/gcc/avr/12.1.0/../../../../avr/lib/avr6\libm.a(fp_pscA.o)
                                                  c:/program files (x86)/avr-gcc-12.0.1/bin/../lib/gcc/avr/12.1.0/../../../../avr/lib/avr6\libm.a(mulsf3x.o)
                                                  c:/program files (x86)/avr-gcc-12.0.1/bin/../lib/gcc/avr/12.1.0/../../../../avr/lib/avr6\libm.a(divsf3x.o)
                                                  c:/program files (x86)/avr-gcc-12.0.1/bin/../lib/gcc/avr/12.1.0/../../../../avr/lib/avr6\libm.a(addsf3x.o)
__fp_pscB                                         c:/program files (x86)/avr-gcc-12.0.1/bin/../lib/gcc/avr/12.1.0/../../../../avr/lib/avr6\libm.a(fp_pscB.o)
                                                  c:/program files (x86)/avr-gcc-12.0.1/bin/../lib/gcc/avr/12.1.0/../../../../avr/lib/avr6\libm.a(mulsf3x.o)
                                                  c:/program files (x86)/avr-gcc-12.0.1/bin/../lib/gcc/avr/12.1.0/../../../../avr/lib/avr6\libm.a(divsf3x.o)
                                                  c:/program files (x86)/avr-gcc-12.0.1/bin/../lib/gcc/avr/12.1.0/../../../../avr/lib/avr6\libm.a(addsf3x.o)
__fp_round                                        c:/program files (x86)/avr-gcc-12.0.1/bin/../lib/gcc/avr/12.1.0/../../../../avr/lib/avr6\libm.a(fp_round.o)
                                                  c:/program files (x86)/avr-gcc-12.0.1/bin/../lib/gcc/avr/12.1.0/../../../../avr/lib/avr6\libm.a(mulsf3.o)
                                                  c:/program files (x86)/avr-gcc-12.0.1/bin/../lib/gcc/avr/12.1.0/../../../../avr/lib/avr6\libm.a(divsf3.o)
                                                  c:/program files (x86)/avr-gcc-12.0.1/bin/../lib/gcc/avr/12.1.0/../../../../avr/lib/avr6\libm.a(addsf3.o)
__fp_split3                                       c:/program files (x86)/avr-gcc-12.0.1/bin/../lib/gcc/avr/12.1.0/../../../../avr/lib/avr6\libm.a(fp_split3.o)
                                                  c:/program files (x86)/avr-gcc-12.0.1/bin/../lib/gcc/avr/12.1.0/../../../../avr/lib/avr6\libm.a(mulsf3x.o)
                                                  c:/program files (x86)/avr-gcc-12.0.1/bin/../lib/gcc/avr/12.1.0/../../../../avr/lib/avr6\libm.a(divsf3x.o)
                                                  c:/program files (x86)/avr-gcc-12.0.1/bin/../lib/gcc/avr/12.1.0/../../../../avr/lib/avr6\libm.a(addsf3x.o)
__fp_splitA                                       c:/program files (x86)/avr-gcc-12.0.1/bin/../lib/gcc/avr/12.1.0/../../../../avr/lib/avr6\libm.a(fp_split3.o)
                                                  c:/program files (x86)/avr-gcc-12.0.1/bin/../lib/gcc/avr/12.1.0/../../../../avr/lib/avr6\libm.a(fixunssfsi.o)
__fp_szero                                        c:/program files (x86)/avr-gcc-12.0.1/bin/../lib/gcc/avr/12.1.0/../../../../avr/lib/avr6\libm.a(fp_zero.o)
                                                  c:/program files (x86)/avr-gcc-12.0.1/bin/../lib/gcc/avr/12.1.0/../../../../avr/lib/avr6\libm.a(mulsf3x.o)
                                                  c:/program files (x86)/avr-gcc-12.0.1/bin/../lib/gcc/avr/12.1.0/../../../../avr/lib/avr6\libm.a(fixsfsi.o)
                                                  c:/program files (x86)/avr-gcc-12.0.1/bin/../lib/gcc/avr/12.1.0/../../../../avr/lib/avr6\libm.a(divsf3x.o)
__fp_zero                                         c:/program files (x86)/avr-gcc-12.0.1/bin/../lib/gcc/avr/12.1.0/../../../../avr/lib/avr6\libm.a(fp_zero.o)
                                                  c:/program files (x86)/avr-gcc-12.0.1/bin/../lib/gcc/avr/12.1.0/../../../../avr/lib/avr6\libm.a(fixunssfsi.o)
                                                  c:/program files (x86)/avr-gcc-12.0.1/bin/../lib/gcc/avr/12.1.0/../../../../avr/lib/avr6\libm.a(addsf3x.o)
__fuse                                            obj\Debug\fuse.o
__gesf2                                           c:/program files (x86)/avr-gcc-12.0.1/bin/../lib/gcc/avr/12.1.0/../../../../avr/lib/avr6\libm.a(gesf2.o)
__gtsf2                                           c:/program files (x86)/avr-gcc-12.0.1/bin/../lib/gcc/avr/12.1.0/../../../../avr/lib/avr6\libm.a(gesf2.o)
                                                  obj\Debug\Ultrasoon.o
                                                  obj\Debug\StepperMotor.o
                                                  obj\Debug\main.o
__heap_end                                        c:/program files (x86)/avr-gcc-12.0.1/bin/../lib/gcc/avr/12.1.0/../../../../avr/lib/avr6/crtatmega2560.o
__init                                            c:/program files (x86)/avr-gcc-12.0.1/bin/../lib/gcc/avr/12.1.0/../../../../avr/lib/avr6/crtatmega2560.o
__lesf2                                           c:/program files (x86)/avr-gcc-12.0.1/bin/../lib/gcc/avr/12.1.0/../../../../avr/lib/avr6\libm.a(cmpsf2.o)
__ltsf2                                           c:/program files (x86)/avr-gcc-12.0.1/bin/../lib/gcc/avr/12.1.0/../../../../avr/lib/avr6\libm.a(cmpsf2.o)
                                                  obj\Debug\StepperMotor.o
                                                  obj\Debug\Navigatie.o
__mulsf3                                          c:/program files (x86)/avr-gcc-12.0.1/bin/../lib/gcc/avr/12.1.0/../../../../avr/lib/avr6\libm.a(mulsf3.o)
                                                  obj\Debug\StepperMotor.o
__mulsf3_pse                                      c:/program files (x86)/avr-gcc-12.0.1/bin/../lib/gcc/avr/12.1.0/../../../../avr/lib/avr6\libm.a(mulsf3x.o)
__mulsf3x                                         c:/program files (x86)/avr-gcc-12.0.1/bin/../lib/gcc/avr/12.1.0/../../../../avr/lib/avr6\libm.a(mulsf3x.o)
                                                  c:/program files (x86)/avr-gcc-12.0.1/bin/../lib/gcc/avr/12.1.0/../../../../avr/lib/avr6\libm.a(mulsf3.o)
__nesf2                                           c:/program files (x86)/avr-gcc-12.0.1/bin/../lib/gcc/avr/12.1.0/../../../../avr/lib/avr6\libm.a(cmpsf2.o)
__stack                                           c:/program files (x86)/avr-gcc-12.0.1/bin/../lib/gcc/avr/12.1.0/../../../../avr/lib/avr6/crtatmega2560.o
__subsf3                                          c:/program files (x86)/avr-gcc-12.0.1/bin/../lib/gcc/avr/12.1.0/../../../../avr/lib/avr6\libm.a(addsf3.o)
__umulhisi3                                       c:/program files (x86)/avr-gcc-12.0.1/bin/../lib/gcc/avr/12.1.0/avr6\libgcc.a(_umulhisi3.o)
                                                  obj\Debug\Display1.o
__vector_1                                        c:/program files (x86)/avr-gcc-12.0.1/bin/../lib/gcc/avr/12.1.0/../../../../avr/lib/avr6/crtatmega2560.o
__vector_10                                       c:/program files (x86)/avr-gcc-12.0.1/bin/../lib/gcc/avr/12.1.0/../../../../avr/lib/avr6/crtatmega2560.o
__vector_11                                       c:/program files (x86)/avr-gcc-12.0.1/bin/../lib/gcc/avr/12.1.0/../../../../avr/lib/avr6/crtatmega2560.o
__vector_12                                       c:/program files (x86)/avr-gcc-12.0.1/bin/../lib/gcc/avr/12.1.0/../../../../avr/lib/avr6/crtatmega2560.o
__vector_13                                       c:/program files (x86)/avr-gcc-12.0.1/bin/../lib/gcc/avr/12.1.0/../../../../avr/lib/avr6/crtatmega2560.o
__vector_14                                       c:/program files (x86)/avr-gcc-12.0.1/bin/../lib/gcc/avr/12.1.0/../../../../avr/lib/avr6/crtatmega2560.o
__vector_15                                       c:/program files (x86)/avr-gcc-12.0.1/bin/../lib/gcc/avr/12.1.0/../../../../avr/lib/avr6/crtatmega2560.o
__vector_16                                       c:/program files (x86)/avr-gcc-12.0.1/bin/../lib/gcc/avr/12.1.0/../../../../avr/lib/avr6/crtatmega2560.o
__vector_17                                       c:/program files (x86)/avr-gcc-12.0.1/bin/../lib/gcc/avr/12.1.0/../../../../avr/lib/avr6/crtatmega2560.o
__vector_18                                       c:/program files (x86)/avr-gcc-12.0.1/bin/../lib/gcc/avr/12.1.0/../../../../avr/lib/avr6/crtatmega2560.o
__vector_19                                       c:/program files (x86)/avr-gcc-12.0.1/bin/../lib/gcc/avr/12.1.0/../../../../avr/lib/avr6/crtatmega2560.o
__vector_2                                        c:/program files (x86)/avr-gcc-12.0.1/bin/../lib/gcc/avr/12.1.0/../../../../avr/lib/avr6/crtatmega2560.o
__vector_20                                       c:/program files (x86)/avr-gcc-12.0.1/bin/../lib/gcc/avr/12.1.0/../../../../avr/lib/avr6/crtatmega2560.o
__vector_21                                       obj\Debug\clock.o
                                                  c:/program files (x86)/avr-gcc-12.0.1/bin/../lib/gcc/avr/12.1.0/../../../../avr/lib/avr6/crtatmega2560.o
__vector_22                                       c:/program files (x86)/avr-gcc-12.0.1/bin/../lib/gcc/avr/12.1.0/../../../../avr/lib/avr6/crtatmega2560.o
__vector_23                                       c:/program files (x86)/avr-gcc-12.0.1/bin/../lib/gcc/avr/12.1.0/../../../../avr/lib/avr6/crtatmega2560.o
__vector_24                                       c:/program files (x86)/avr-gcc-12.0.1/bin/../lib/gcc/avr/12.1.0/../../../../avr/lib/avr6/crtatmega2560.o
__vector_25                                       c:/program files (x86)/avr-gcc-12.0.1/bin/../lib/gcc/avr/12.1.0/../../../../avr/lib/avr6/crtatmega2560.o
__vector_26                                       c:/program files (x86)/avr-gcc-12.0.1/bin/../lib/gcc/avr/12.1.0/../../../../avr/lib/avr6/crtatmega2560.o
__vector_27                                       c:/program files (x86)/avr-gcc-12.0.1/bin/../lib/gcc/avr/12.1.0/../../../../avr/lib/avr6/crtatmega2560.o
__vector_28                                       c:/program files (x86)/avr-gcc-12.0.1/bin/../lib/gcc/avr/12.1.0/../../../../avr/lib/avr6/crtatmega2560.o
__vector_29                                       c:/program files (x86)/avr-gcc-12.0.1/bin/../lib/gcc/avr/12.1.0/../../../../avr/lib/avr6/crtatmega2560.o
__vector_3                                        obj\Debug\noodstop.o
                                                  c:/program files (x86)/avr-gcc-12.0.1/bin/../lib/gcc/avr/12.1.0/../../../../avr/lib/avr6/crtatmega2560.o
__vector_30                                       c:/program files (x86)/avr-gcc-12.0.1/bin/../lib/gcc/avr/12.1.0/../../../../avr/lib/avr6/crtatmega2560.o
__vector_31                                       c:/program files (x86)/avr-gcc-12.0.1/bin/../lib/gcc/avr/12.1.0/../../../../avr/lib/avr6/crtatmega2560.o
__vector_32                                       c:/program files (x86)/avr-gcc-12.0.1/bin/../lib/gcc/avr/12.1.0/../../../../avr/lib/avr6/crtatmega2560.o
__vector_33                                       c:/program files (x86)/avr-gcc-12.0.1/bin/../lib/gcc/avr/12.1.0/../../../../avr/lib/avr6/crtatmega2560.o
__vector_34                                       c:/program files (x86)/avr-gcc-12.0.1/bin/../lib/gcc/avr/12.1.0/../../../../avr/lib/avr6/crtatmega2560.o
__vector_35                                       c:/program files (x86)/avr-gcc-12.0.1/bin/../lib/gcc/avr/12.1.0/../../../../avr/lib/avr6/crtatmega2560.o
__vector_36                                       c:/program files (x86)/avr-gcc-12.0.1/bin/../lib/gcc/avr/12.1.0/../../../../avr/lib/avr6/crtatmega2560.o
__vector_37                                       c:/program files (x86)/avr-gcc-12.0.1/bin/../lib/gcc/avr/12.1.0/../../../../avr/lib/avr6/crtatmega2560.o
__vector_38                                       c:/program files (x86)/avr-gcc-12.0.1/bin/../lib/gcc/avr/12.1.0/../../../../avr/lib/avr6/crtatmega2560.o
__vector_39                                       c:/program files (x86)/avr-gcc-12.0.1/bin/../lib/gcc/avr/12.1.0/../../../../avr/lib/avr6/crtatmega2560.o
__vector_4                                        c:/program files (x86)/avr-gcc-12.0.1/bin/../lib/gcc/avr/12.1.0/../../../../avr/lib/avr6/crtatmega2560.o
__vector_40                                       c:/program files (x86)/avr-gcc-12.0.1/bin/../lib/gcc/avr/12.1.0/../../../../avr/lib/avr6/crtatmega2560.o
__vector_41                                       obj\Debug\Ultrasoon.o
                                                  c:/program files (x86)/avr-gcc-12.0.1/bin/../lib/gcc/avr/12.1.0/../../../../avr/lib/avr6/crtatmega2560.o
__vector_42                                       c:/program files (x86)/avr-gcc-12.0.1/bin/../lib/gcc/avr/12.1.0/../../../../avr/lib/avr6/crtatmega2560.o
__vector_43                                       c:/program files (x86)/avr-gcc-12.0.1/bin/../lib/gcc/avr/12.1.0/../../../../avr/lib/avr6/crtatmega2560.o
__vector_44                                       c:/program files (x86)/avr-gcc-12.0.1/bin/../lib/gcc/avr/12.1.0/../../../../avr/lib/avr6/crtatmega2560.o
__vector_45                                       c:/program files (x86)/avr-gcc-12.0.1/bin/../lib/gcc/avr/12.1.0/../../../../avr/lib/avr6/crtatmega2560.o
__vector_46                                       obj\Debug\Ultrasoon.o
                                                  c:/program files (x86)/avr-gcc-12.0.1/bin/../lib/gcc/avr/12.1.0/../../../../avr/lib/avr6/crtatmega2560.o
__vector_47                                       c:/program files (x86)/avr-gcc-12.0.1/bin/../lib/gcc/avr/12.1.0/../../../../avr/lib/avr6/crtatmega2560.o
__vector_48                                       c:/program files (x86)/avr-gcc-12.0.1/bin/../lib/gcc/avr/12.1.0/../../../../avr/lib/avr6/crtatmega2560.o
__vector_49                                       c:/program files (x86)/avr-gcc-12.0.1/bin/../lib/gcc/avr/12.1.0/../../../../avr/lib/avr6/crtatmega2560.o
__vector_5                                        c:/program files (x86)/avr-gcc-12.0.1/bin/../lib/gcc/avr/12.1.0/../../../../avr/lib/avr6/crtatmega2560.o
__vector_50                                       c:/program files (x86)/avr-gcc-12.0.1/bin/../lib/gcc/avr/12.1.0/../../../../avr/lib/avr6/crtatmega2560.o
__vector_51                                       c:/program files (x86)/avr-gcc-12.0.1/bin/../lib/gcc/avr/12.1.0/../../../../avr/lib/avr6/crtatmega2560.o
__vector_52                                       c:/program files (x86)/avr-gcc-12.0.1/bin/../lib/gcc/avr/12.1.0/../../../../avr/lib/avr6/crtatmega2560.o
__vector_53                                       c:/program files (x86)/avr-gcc-12.0.1/bin/../lib/gcc/avr/12.1.0/../../../../avr/lib/avr6/crtatmega2560.o
__vector_54                                       c:/program files (x86)/avr-gcc-12.0.1/bin/../lib/gcc/avr/12.1.0/../../../../avr/lib/avr6/crtatmega2560.o
__vector_55                                       c:/program files (x86)/avr-gcc-12.0.1/bin/../lib/gcc/avr/12.1.0/../../../../avr/lib/avr6/crtatmega2560.o
__vector_56                                       c:/program files (x86)/avr-gcc-12.0.1/bin/../lib/gcc/avr/12.1.0/../../../../avr/lib/avr6/crtatmega2560.o
__vector_6                                        c:/program files (x86)/avr-gcc-12.0.1/bin/../lib/gcc/avr/12.1.0/../../../../avr/lib/avr6/crtatmega2560.o
__vector_7                                        c:/program files (x86)/avr-gcc-12.0.1/bin/../lib/gcc/avr/12.1.0/../../../../avr/lib/avr6/crtatmega2560.o
__vector_8                                        c:/program files (x86)/avr-gcc-12.0.1/bin/../lib/gcc/avr/12.1.0/../../../../avr/lib/avr6/crtatmega2560.o
__vector_9                                        c:/program files (x86)/avr-gcc-12.0.1/bin/../lib/gcc/avr/12.1.0/../../../../avr/lib/avr6/crtatmega2560.o
__vector_default                                  c:/program files (x86)/avr-gcc-12.0.1/bin/../lib/gcc/avr/12.1.0/../../../../avr/lib/avr6/crtatmega2560.o
__vectors                                         c:/program files (x86)/avr-gcc-12.0.1/bin/../lib/gcc/avr/12.1.0/../../../../avr/lib/avr6/crtatmega2560.o
_exit                                             c:/program files (x86)/avr-gcc-12.0.1/bin/../lib/gcc/avr/12.1.0/avr6\libgcc.a(_exit.o)
aantalPakketten                                   obj\Debug\IRSensor.o
begin                                             obj\Debug\main.o
detecteerPakket0                                  obj\Debug\IRSensor.o
                                                  obj\Debug\main.o
detecteerPakket1                                  obj\Debug\IRSensor.o
                                                  obj\Debug\main.o
display                                           obj\Debug\Display1.o
                                                  obj\Debug\noodstop.o
                                                  obj\Debug\Knoppen.o
displayAantalPakketten                            obj\Debug\Display1.o
                                                  obj\Debug\main.o
displayGeteldAantalPakketten                      obj\Debug\Display1.o
exit                                              c:/program files (x86)/avr-gcc-12.0.1/bin/../lib/gcc/avr/12.1.0/avr6\libgcc.a(_exit.o)
                                                  c:/program files (x86)/avr-gcc-12.0.1/bin/../lib/gcc/avr/12.1.0/../../../../avr/lib/avr6/crtatmega2560.o
initClock                                         obj\Debug\clock.o
                                                  obj\Debug\main.o
initKnop                                          obj\Debug\Knoppen.o
                                                  obj\Debug\main.o
initSensoren                                      obj\Debug\IRSensor.o
                                                  obj\Debug\main.o
letters                                           obj\Debug\Display1.o
main                                              obj\Debug\main.o
                                                  c:/program files (x86)/avr-gcc-12.0.1/bin/../lib/gcc/avr/12.1.0/../../../../avr/lib/avr6/crtatmega2560.o
navigeer_bocht                                    obj\Debug\Navigatie.o
navigeer_pad                                      obj\Debug\Navigatie.o
                                                  obj\Debug\main.o
nieuwe_meting_L                                   obj\Debug\Ultrasoon.o
nieuwe_meting_R                                   obj\Debug\Ultrasoon.o
noodstop_Setup                                    obj\Debug\noodstop.o
numbers                                           obj\Debug\Display1.o
pakketGeteld                                      obj\Debug\IRSensor.o
pakketten                                         obj\Debug\main.o
start                                             obj\Debug\Knoppen.o
stelWaardeIn                                      obj\Debug\Knoppen.o
                                                  obj\Debug\main.o
stepperMotor1_init                                obj\Debug\StepperMotor.o
stepperMotor1_setSpeed                            obj\Debug\StepperMotor.o
                                                  obj\Debug\Navigatie.o
stepperMotor2_init                                obj\Debug\StepperMotor.o
stepperMotor2_setSpeed                            obj\Debug\StepperMotor.o
                                                  obj\Debug\Navigatie.o
stepperMotor_init                                 obj\Debug\StepperMotor.o
                                                  obj\Debug\main.o
stopAGV                                           obj\Debug\Navigatie.o
                                                  obj\Debug\main.o
telPakketten                                      obj\Debug\IRSensor.o
teller                                            obj\Debug\Display1.o
                                                  obj\Debug\main.o
time                                              obj\Debug\clock.o
                                                  obj\Debug\main.o
ultrasoon_getDistance_L                           obj\Debug\Ultrasoon.o
                                                  obj\Debug\Navigatie.o
ultrasoon_getDistance_R                           obj\Debug\Ultrasoon.o
                                                  obj\Debug\Navigatie.o
ultrasoon_setup                                   obj\Debug\Ultrasoon.o
                                                  obj\Debug\main.o
ultrasoon_setup_L                                 obj\Debug\Ultrasoon.o
ultrasoon_setup_R                                 obj\Debug\Ultrasoon.o
verwachtAantalPakketten                           obj\Debug\Display1.o
                                                  obj\Debug\main.o
                                                  obj\Debug\Knoppen.o
